
> react-example@0.0.0 build
> vite build

[36mvite v6.4.1 [32mbuilding for production...[36m[39m
transforming...
[32mΓ£ô[39m 2324 modules transformed.
rendering chunks...
computing gzip size...
[2mdist/[22m[32mindex.html                 [39m[1m[2m    0.41 kB[22m[1m[22m[2m Γöé gzip:     0.28 kB[22m
[2mdist/[22m[35massets/index-R8jfCgIs.css  [39m[1m[2m   36.87 kB[22m[1m[22m[2m Γöé gzip:     6.42 kB[22m
[2mdist/[22m[36massets/index-mAVmhhNO.js   [39m[1m[33m3,428.59 kB[39m[22m[2m Γöé gzip: 1,142.28 kB[22m
node.exe : [33m
Au caractère 
C:\Program Files\nodejs
\npm.ps1:29 : 3
+   & $NODE_EXE 
$NPM_CLI_JS $args
+   ~~~~~~~~~~~~~~~~~~~
~~~~~~~~~~
    + CategoryInfo     
         : NotSpecifi  
  ed: ([33m:String)   
  [], RemoteExcepti    
on
    + FullyQualifiedEr 
   rorId : NativeComm  
  andError
 
(!) Some chunks are 
larger than 500 kB 
after minification. 
Consider:
- Using dynamic 
import() to code-split 
the application
- Use build.rollupOptio
ns.output.manualChunks 
to improve chunking: ht
tps://rollupjs.org/conf
iguration-options/#outp
ut-manualchunks
- Adjust chunk size 
limit for this warning 
via build.chunkSizeWarn
ingLimit.[39m
[32mΓ£ô built in 8.52s[39m
